Checking for ADBC Snowflake driver...
Detected platform: Darwin arm64
Wheel already exists: scripts/../adbc_drivers/adbc_driver_snowflake-1.8.0-py3-none-macosx_11_0_arm64.whl
Extracting driver library...
Archive:  adbc_driver_snowflake-1.8.0-py3-none-macosx_11_0_arm64.whl
  inflating: adbc_driver_snowflake/libadbc_driver_snowflake.so  
ADBC Snowflake driver extracted successfully to: scripts/../adbc_drivers/libadbc_driver_snowflake.so
ADBC driver setup complete!
Driver location: scripts/../adbc_drivers/libadbc_driver_snowflake.so
mkdir -p build/release
cmake -DEXTENSION_STATIC_BUILD=1 -DDUCKDB_EXTENSION_CONFIGS='/Users/venkata/ddbsf-ext/duckdb-snowflake/extension_config.cmake' \
		-DCMAKE_BUILD_TYPE=Release -G Ninja -S "./duckdb/" -B build/release
-- Found Python3: /opt/anaconda3/bin/python3.12 (found version "3.12.7") found components: Interpreter
-- The C compiler identification is AppleClang 17.0.0.17000319
-- The CXX compiler identification is AppleClang 17.0.0.17000319
-- Detecting C compiler ABI info
-- Detecting C compiler ABI info - done
-- Check for working C compiler: /usr/bin/cc - skipped
-- Detecting C compile features
-- Detecting C compile features - done
-- Detecting CXX compiler ABI info
-- Detecting CXX compiler ABI info - done
-- Check for working CXX compiler: /usr/bin/c++ - skipped
-- Detecting CXX compile features
-- Detecting CXX compile features - done
-- Performing Test CMAKE_HAVE_LIBC_PTHREAD
-- Performing Test CMAKE_HAVE_LIBC_PTHREAD - Success
-- Found Threads: TRUE
CMake Warning at CMakeLists.txt:190 (message):
  Not disabling vptr sanitizer on M1 Macbook - set DISABLE_VPTR_SANITIZER
  manually if you run into issues with false positives in the sanitizer


-- Found Git: /usr/bin/git (found version "2.50.1 (Apple Git-155)")
-- git hash b8a06e4a22, version v1.4.0, extension folder v1.4.0
-- Extensions will be deployed to: /Users/venkata/ddbsf-ext/duckdb-snowflake/build/release/repository
-- Load extension 'snowflake' from '/Users/venkata/ddbsf-ext/duckdb-snowflake' @ 8a958f6
-- Load extension 'core_functions' from '/Users/venkata/ddbsf-ext/duckdb-snowflake/duckdb/extensions' @ v1.4.0
-- Load extension 'parquet' from '/Users/venkata/ddbsf-ext/duckdb-snowflake/duckdb/extensions' @ v1.4.0
CMake Warning at CMakeLists.txt:1334 (message):
  Extension 'snowflake' has a vcpkg.json, but build was not run with VCPKG.
  If build fails, check out VCPKG build instructions in
  'duckdb/extension/README.md' or try manually installing the dependencies in
  /Users/venkata/ddbsf-ext/duckdb-snowflake/vcpkg.json


CMake Deprecation Warning at /Users/venkata/ddbsf-ext/duckdb-snowflake/CMakeLists.txt:1 (cmake_minimum_required):
  Compatibility with CMake < 3.10 will be removed from a future version of
  CMake.

  Update the VERSION argument <min> value.  Or, use the <min>...<max> syntax
  to tell CMake that the project requires at least <min> but has been updated
  to work with policies introduced by <max> or earlier.


-- Found ADBC Snowflake driver at /Users/venkata/ddbsf-ext/duckdb-snowflake/adbc_drivers/libadbc_driver_snowflake.so
-- Extensions linked into DuckDB: [snowflake, core_functions, parquet]
-- Tests loaded for extensions: [snowflake]
-- Configuring done (1.5s)
-- Generating done (0.2s)
-- Build files have been written to: /Users/venkata/ddbsf-ext/duckdb-snowflake/build/release
cmake --build build/release --config Release -j8
[1/538] Building CXX object third_party/libpg_query/CMakeFiles/duckdb_pg_query.dir/src_backend_nodes_makefuncs.cpp.o
[2/538] Building CXX object third_party/libpg_query/CMakeFiles/duckdb_pg_query.dir/src_backend_nodes_list.cpp.o
[3/538] Building CXX object third_party/libpg_query/CMakeFiles/duckdb_pg_query.dir/src_backend_parser_scansup.cpp.o
[4/538] Building CXX object third_party/libpg_query/CMakeFiles/duckdb_pg_query.dir/src_backend_parser_parser.cpp.o
[5/538] Building CXX object third_party/libpg_query/CMakeFiles/duckdb_pg_query.dir/pg_functions.cpp.o
[6/538] Building CXX object third_party/libpg_query/CMakeFiles/duckdb_pg_query.dir/postgres_parser.cpp.o
[7/538] Building CXX object third_party/libpg_query/CMakeFiles/duckdb_pg_query.dir/src_common_keywords.cpp.o
[8/538] Building CXX object third_party/libpg_query/CMakeFiles/duckdb_pg_query.dir/src_backend_nodes_value.cpp.o
[9/538] Building CXX object third_party/libpg_query/CMakeFiles/duckdb_pg_query.dir/src_backend_parser_scan.cpp.o
[10/538] Building CXX object third_party/re2/CMakeFiles/duckdb_re2.dir/re2/bitmap256.cc.o
[11/538] Building CXX object third_party/re2/CMakeFiles/duckdb_re2.dir/re2/bitstate.cc.o
[12/538] Building CXX object third_party/re2/CMakeFiles/duckdb_re2.dir/re2/filtered_re2.cc.o
[13/538] Building CXX object third_party/libpg_query/CMakeFiles/duckdb_pg_query.dir/src_backend_parser_gram.cpp.o
[14/538] Building CXX object third_party/re2/CMakeFiles/duckdb_re2.dir/re2/perl_groups.cc.o
[15/538] Building CXX object third_party/re2/CMakeFiles/duckdb_re2.dir/re2/compile.cc.o
[16/538] Building CXX object third_party/re2/CMakeFiles/duckdb_re2.dir/re2/mimics_pcre.cc.o
[17/538] Building CXX object third_party/re2/CMakeFiles/duckdb_re2.dir/re2/nfa.cc.o
[18/538] Building CXX object third_party/re2/CMakeFiles/duckdb_re2.dir/re2/onepass.cc.o
[19/538] Building CXX object third_party/re2/CMakeFiles/duckdb_re2.dir/re2/dfa.cc.o
[20/538] Building CXX object third_party/re2/CMakeFiles/duckdb_re2.dir/re2/parse.cc.o
[21/538] Building CXX object third_party/re2/CMakeFiles/duckdb_re2.dir/re2/prefilter.cc.o
[22/538] Building CXX object third_party/re2/CMakeFiles/duckdb_re2.dir/re2/prog.cc.o
[23/538] Building CXX object third_party/re2/CMakeFiles/duckdb_re2.dir/re2/prefilter_tree.cc.o
[24/538] Building CXX object third_party/re2/CMakeFiles/duckdb_re2.dir/re2/set.cc.o
[25/538] Building CXX object third_party/re2/CMakeFiles/duckdb_re2.dir/re2/re2.cc.o
[26/538] Building CXX object third_party/re2/CMakeFiles/duckdb_re2.dir/re2/unicode_casefold.cc.o
[27/538] Building CXX object third_party/re2/CMakeFiles/duckdb_re2.dir/re2/unicode_groups.cc.o
[28/538] Building CXX object third_party/re2/CMakeFiles/duckdb_re2.dir/util/rune.cc.o
[29/538] Building CXX object third_party/re2/CMakeFiles/duckdb_re2.dir/re2/regexp.cc.o
[30/538] Building CXX object third_party/re2/CMakeFiles/duckdb_re2.dir/re2/stringpiece.cc.o
[31/538] Building CXX object third_party/re2/CMakeFiles/duckdb_re2.dir/util/strutil.cc.o
[32/538] Building CXX object third_party/re2/CMakeFiles/duckdb_re2.dir/re2/simplify.cc.o
[33/538] Building CXX object third_party/re2/CMakeFiles/duckdb_re2.dir/re2/tostring.cc.o
[34/538] Building CXX object third_party/utf8proc/CMakeFiles/duckdb_utf8proc.dir/utf8proc.cpp.o
[35/538] Building CXX object third_party/hyperloglog/CMakeFiles/duckdb_hyperloglog.dir/sds.cpp.o
[36/538] Building CXX object third_party/utf8proc/CMakeFiles/duckdb_utf8proc.dir/utf8proc_wrapper.cpp.o
[37/538] Building CXX object third_party/mbedtls/CMakeFiles/duckdb_mbedtls.dir/library/aes.cpp.o
[38/538] Building CXX object third_party/hyperloglog/CMakeFiles/duckdb_hyperloglog.dir/hyperloglog.cpp.o
[39/538] Building CXX object third_party/skiplist/CMakeFiles/duckdb_skiplistlib.dir/SkipList.cpp.o
[40/538] Building CXX object third_party/mbedtls/CMakeFiles/duckdb_mbedtls.dir/library/asn1parse.cpp.o
[41/538] Building CXX object third_party/miniz/CMakeFiles/duckdb_miniz.dir/miniz.cpp.o
[42/538] Building CXX object third_party/mbedtls/CMakeFiles/duckdb_mbedtls.dir/library/asn1write.cpp.o
[43/538] Building CXX object third_party/mbedtls/CMakeFiles/duckdb_mbedtls.dir/library/base64.cpp.o
[44/538] Building CXX object third_party/mbedtls/CMakeFiles/duckdb_mbedtls.dir/library/bignum_core.cpp.o
[45/538] Building CXX object third_party/mbedtls/CMakeFiles/duckdb_mbedtls.dir/library/cipher_wrap.cpp.o
[46/538] Building CXX object third_party/mbedtls/CMakeFiles/duckdb_mbedtls.dir/mbedtls_wrapper.cpp.o
[47/538] Building CXX object third_party/mbedtls/CMakeFiles/duckdb_mbedtls.dir/library/bignum.cpp.o
[48/538] Building CXX object third_party/mbedtls/CMakeFiles/duckdb_mbedtls.dir/library/constant_time.cpp.o
[49/538] Building CXX object third_party/mbedtls/CMakeFiles/duckdb_mbedtls.dir/library/cipher.cpp.o
[50/538] Building CXX object third_party/mbedtls/CMakeFiles/duckdb_mbedtls.dir/library/md.cpp.o
[51/538] Building CXX object third_party/mbedtls/CMakeFiles/duckdb_mbedtls.dir/library/pk.cpp.o
[52/538] Building CXX object third_party/mbedtls/CMakeFiles/duckdb_mbedtls.dir/library/pk_wrap.cpp.o
[53/538] Building CXX object third_party/mbedtls/CMakeFiles/duckdb_mbedtls.dir/library/pem.cpp.o
[54/538] Building CXX object third_party/mbedtls/CMakeFiles/duckdb_mbedtls.dir/library/gcm.cpp.o
[55/538] Building CXX object third_party/mbedtls/CMakeFiles/duckdb_mbedtls.dir/library/oid.cpp.o
[56/538] Building CXX object third_party/mbedtls/CMakeFiles/duckdb_mbedtls.dir/library/platform_util.cpp.o
[57/538] Building CXX object third_party/mbedtls/CMakeFiles/duckdb_mbedtls.dir/library/platform.cpp.o
[58/538] Building CXX object third_party/mbedtls/CMakeFiles/duckdb_mbedtls.dir/library/pkparse.cpp.o
[59/538] Building CXX object third_party/mbedtls/CMakeFiles/duckdb_mbedtls.dir/library/rsa_alt_helpers.cpp.o
[60/538] Building CXX object third_party/mbedtls/CMakeFiles/duckdb_mbedtls.dir/library/sha1.cpp.o
[61/538] Building CXX object third_party/mbedtls/CMakeFiles/duckdb_mbedtls.dir/library/rsa.cpp.o
[62/538] Building CXX object third_party/mbedtls/CMakeFiles/duckdb_mbedtls.dir/library/sha256.cpp.o
[63/538] Building CXX object third_party/zstd/CMakeFiles/duckdb_zstd.dir/compress/zstd_compress_superblock.cpp.o
[64/538] Building CXX object third_party/zstd/CMakeFiles/duckdb_zstd.dir/compress/zstdmt_compress.cpp.o
[65/538] Building CXX object third_party/zstd/CMakeFiles/duckdb_zstd.dir/compress/zstd_compress_sequences.cpp.o
[66/538] Building CXX object third_party/zstd/CMakeFiles/duckdb_zstd.dir/compress/hist.cpp.o
[67/538] Building CXX object third_party/zstd/CMakeFiles/duckdb_zstd.dir/compress/zstd_ldm.cpp.o
[68/538] Building CXX object third_party/fsst/CMakeFiles/duckdb_fsst.dir/libfsst.cpp.o
[69/538] Building CXX object third_party/zstd/CMakeFiles/duckdb_zstd.dir/compress/zstd_compress_literals.cpp.o
[70/538] Building CXX object third_party/zstd/CMakeFiles/duckdb_zstd.dir/compress/zstd_double_fast.cpp.o
[71/538] Building CXX object third_party/zstd/CMakeFiles/duckdb_zstd.dir/compress/zstd_fast.cpp.o
[72/538] Building CXX object third_party/fmt/CMakeFiles/duckdb_fmt.dir/format.cc.o
[73/538] Building CXX object third_party/zstd/CMakeFiles/duckdb_zstd.dir/decompress/zstd_ddict.cpp.o
[74/538] Building CXX object third_party/zstd/CMakeFiles/duckdb_zstd.dir/compress/fse_compress.cpp.o
[75/538] Building CXX object third_party/zstd/CMakeFiles/duckdb_zstd.dir/compress/huf_compress.cpp.o
[76/538] Building CXX object third_party/zstd/CMakeFiles/duckdb_zstd.dir/compress/zstd_compress.cpp.o
[77/538] Building CXX object third_party/zstd/CMakeFiles/duckdb_zstd.dir/decompress/zstd_decompress.cpp.o
[78/538] Building CXX object third_party/zstd/CMakeFiles/duckdb_zstd.dir/compress/zstd_opt.cpp.o
[79/538] Building CXX object third_party/zstd/CMakeFiles/duckdb_zstd.dir/common/entropy_common.cpp.o
[80/538] Building CXX object third_party/zstd/CMakeFiles/duckdb_zstd.dir/common/debug.cpp.o
[81/538] Building CXX object third_party/zstd/CMakeFiles/duckdb_zstd.dir/common/fse_decompress.cpp.o
[82/538] Building CXX object third_party/zstd/CMakeFiles/duckdb_zstd.dir/common/threading.cpp.o
[83/538] Building CXX object third_party/zstd/CMakeFiles/duckdb_zstd.dir/common/xxhash.cpp.o
[84/538] Building CXX object third_party/zstd/CMakeFiles/duckdb_zstd.dir/decompress/huf_decompress.cpp.o
[85/538] Building CXX object third_party/zstd/CMakeFiles/duckdb_zstd.dir/common/pool.cpp.o
[86/538] Building CXX object third_party/zstd/CMakeFiles/duckdb_zstd.dir/common/zstd_common.cpp.o
[87/538] Building CXX object third_party/zstd/CMakeFiles/duckdb_zstd.dir/decompress/zstd_decompress_block.cpp.o
[88/538] Building CXX object third_party/zstd/CMakeFiles/duckdb_zstd.dir/common/error_private.cpp.o
[89/538] Building CXX object third_party/zstd/CMakeFiles/duckdb_zstd.dir/deprecated/zbuff_common.cpp.o
[90/538] Building CXX object third_party/zstd/CMakeFiles/duckdb_zstd.dir/dict/cover.cpp.o
[91/538] Building CXX object third_party/zstd/CMakeFiles/duckdb_zstd.dir/dict/fastcover.cpp.o
[92/538] Building CXX object third_party/zstd/CMakeFiles/duckdb_zstd.dir/deprecated/zbuff_decompress.cpp.o
[93/538] Building CXX object third_party/zstd/CMakeFiles/duckdb_zstd.dir/deprecated/zbuff_compress.cpp.o
[94/538] Building CXX object third_party/zstd/CMakeFiles/duckdb_zstd.dir/dict/zdict.cpp.o
[95/538] Building CXX object third_party/zstd/CMakeFiles/duckdb_zstd.dir/dict/divsufsort.cpp.o
[96/538] Building CXX object src/optimizer/pullup/CMakeFiles/duckdb_optimizer_pullup.dir/ub_duckdb_optimizer_pullup.cpp.o
[97/538] Building CXX object src/optimizer/compressed_materialization/CMakeFiles/duckdb_optimizer_compressed_materialization.dir/ub_duckdb_optimizer_compressed_materialization.cpp.o
[98/538] Building CXX object third_party/zstd/CMakeFiles/duckdb_zstd.dir/compress/zstd_lazy.cpp.o
[99/538] Building CXX object src/optimizer/matcher/CMakeFiles/duckdb_optimizer_matcher.dir/ub_duckdb_optimizer_matcher.cpp.o
[100/538] Building CXX object third_party/yyjson/CMakeFiles/duckdb_yyjson.dir/yyjson.cpp.o
[101/538] Building CXX object third_party/fastpforlib/CMakeFiles/duckdb_fastpforlib.dir/bitpacking.cpp.o
[102/538] Building CXX object src/optimizer/statistics/expression/CMakeFiles/duckdb_optimizer_statistics_expr.dir/ub_duckdb_optimizer_statistics_expr.cpp.o
[103/538] Building CXX object src/optimizer/pushdown/CMakeFiles/duckdb_optimizer_pushdown.dir/ub_duckdb_optimizer_pushdown.cpp.o
[104/538] Building CXX object src/optimizer/statistics/operator/CMakeFiles/duckdb_optimizer_statistics_op.dir/ub_duckdb_optimizer_statistics_op.cpp.o
[105/538] Building CXX object src/optimizer/rule/CMakeFiles/duckdb_optimizer_rules.dir/ub_duckdb_optimizer_rules.cpp.o
[106/538] Building CXX object src/planner/expression/CMakeFiles/duckdb_planner_expression.dir/ub_duckdb_planner_expression.cpp.o
[107/538] Building CXX object src/optimizer/join_order/CMakeFiles/duckdb_optimizer_join_order.dir/ub_duckdb_optimizer_join_order.cpp.o
[108/538] Building CXX object src/planner/binder/expression/CMakeFiles/duckdb_bind_expression.dir/ub_duckdb_bind_expression.cpp.o
FAILED: [code=1] src/planner/binder/expression/CMakeFiles/duckdb_bind_expression.dir/ub_duckdb_bind_expression.cpp.o 
/usr/bin/c++ -DDUCKDB -DDUCKDB_BUILD_LIBRARY -DDUCKDB_EXTENSION_CORE_FUNCTIONS_LINKED=1 -DDUCKDB_EXTENSION_PARQUET_LINKED=1 -DDUCKDB_EXTENSION_SNOWFLAKE_LINKED=1 -DDUCKDB_MAIN_LIBRARY -I/Users/venkata/ddbsf-ext/duckdb-snowflake/duckdb/src/include -I/Users/venkata/ddbsf-ext/duckdb-snowflake/duckdb/third_party/fsst -I/Users/venkata/ddbsf-ext/duckdb-snowflake/duckdb/third_party/fmt/include -I/Users/venkata/ddbsf-ext/duckdb-snowflake/duckdb/third_party/hyperloglog -I/Users/venkata/ddbsf-ext/duckdb-snowflake/duckdb/third_party/fastpforlib -I/Users/venkata/ddbsf-ext/duckdb-snowflake/duckdb/third_party/skiplist -I/Users/venkata/ddbsf-ext/duckdb-snowflake/duckdb/third_party/ska_sort -I/Users/venkata/ddbsf-ext/duckdb-snowflake/duckdb/third_party/fast_float -I/Users/venkata/ddbsf-ext/duckdb-snowflake/duckdb/third_party/re2 -I/Users/venkata/ddbsf-ext/duckdb-snowflake/duckdb/third_party/miniz -I/Users/venkata/ddbsf-ext/duckdb-snowflake/duckdb/third_party/utf8proc/include -I/Users/venkata/ddbsf-ext/duckdb-snowflake/duckdb/third_party/concurrentqueue -I/Users/venkata/ddbsf-ext/duckdb-snowflake/duckdb/third_party/pcg -I/Users/venkata/ddbsf-ext/duckdb-snowflake/duckdb/third_party/pdqsort -I/Users/venkata/ddbsf-ext/duckdb-snowflake/duckdb/third_party/tdigest -I/Users/venkata/ddbsf-ext/duckdb-snowflake/duckdb/third_party/mbedtls/include -I/Users/venkata/ddbsf-ext/duckdb-snowflake/duckdb/third_party/jaro_winkler -I/Users/venkata/ddbsf-ext/duckdb-snowflake/duckdb/third_party/vergesort -I/Users/venkata/ddbsf-ext/duckdb-snowflake/duckdb/third_party/yyjson/include -I/Users/venkata/ddbsf-ext/duckdb-snowflake/duckdb/third_party/zstd/include -I/Users/venkata/ddbsf-ext/duckdb-snowflake/duckdb/extension -I/Users/venkata/ddbsf-ext/duckdb-snowflake/src/include -I/Users/venkata/ddbsf-ext/duckdb-snowflake/duckdb/extension/core_functions/include -I/Users/venkata/ddbsf-ext/duckdb-snowflake/duckdb/extension/parquet/include -O3 -DNDEBUG -O3 -DNDEBUG   -std=c++11 -arch arm64 -fPIC -MD -MT src/planner/binder/expression/CMakeFiles/duckdb_bind_expression.dir/ub_duckdb_bind_expression.cpp.o -MF src/planner/binder/expression/CMakeFiles/duckdb_bind_expression.dir/ub_duckdb_bind_expression.cpp.o.d -o src/planner/binder/expression/CMakeFiles/duckdb_bind_expression.dir/ub_duckdb_bind_expression.cpp.o -c /Users/venkata/ddbsf-ext/duckdb-snowflake/build/release/src/planner/binder/expression/ub_duckdb_bind_expression.cpp
error: error opening 'src/planner/binder/expression/CMakeFiles/duckdb_bind_expression.dir/ub_duckdb_bind_expression.cpp.o.d': src/planner/binder/expression/CMakeFiles/duckdb_bind_expression.dir/ub_duckdb_bind_expression.cpp.o.d: No such file or directory
1 error generated.
[109/538] Building CXX object src/planner/filter/CMakeFiles/duckdb_planner_filter.dir/ub_duckdb_planner_filter.cpp.o
FAILED: [code=1] src/planner/filter/CMakeFiles/duckdb_planner_filter.dir/ub_duckdb_planner_filter.cpp.o 
/usr/bin/c++ -DDUCKDB -DDUCKDB_BUILD_LIBRARY -DDUCKDB_EXTENSION_CORE_FUNCTIONS_LINKED=1 -DDUCKDB_EXTENSION_PARQUET_LINKED=1 -DDUCKDB_EXTENSION_SNOWFLAKE_LINKED=1 -DDUCKDB_MAIN_LIBRARY -I/Users/venkata/ddbsf-ext/duckdb-snowflake/duckdb/src/include -I/Users/venkata/ddbsf-ext/duckdb-snowflake/duckdb/third_party/fsst -I/Users/venkata/ddbsf-ext/duckdb-snowflake/duckdb/third_party/fmt/include -I/Users/venkata/ddbsf-ext/duckdb-snowflake/duckdb/third_party/hyperloglog -I/Users/venkata/ddbsf-ext/duckdb-snowflake/duckdb/third_party/fastpforlib -I/Users/venkata/ddbsf-ext/duckdb-snowflake/duckdb/third_party/skiplist -I/Users/venkata/ddbsf-ext/duckdb-snowflake/duckdb/third_party/ska_sort -I/Users/venkata/ddbsf-ext/duckdb-snowflake/duckdb/third_party/fast_float -I/Users/venkata/ddbsf-ext/duckdb-snowflake/duckdb/third_party/re2 -I/Users/venkata/ddbsf-ext/duckdb-snowflake/duckdb/third_party/miniz -I/Users/venkata/ddbsf-ext/duckdb-snowflake/duckdb/third_party/utf8proc/include -I/Users/venkata/ddbsf-ext/duckdb-snowflake/duckdb/third_party/concurrentqueue -I/Users/venkata/ddbsf-ext/duckdb-snowflake/duckdb/third_party/pcg -I/Users/venkata/ddbsf-ext/duckdb-snowflake/duckdb/third_party/pdqsort -I/Users/venkata/ddbsf-ext/duckdb-snowflake/duckdb/third_party/tdigest -I/Users/venkata/ddbsf-ext/duckdb-snowflake/duckdb/third_party/mbedtls/include -I/Users/venkata/ddbsf-ext/duckdb-snowflake/duckdb/third_party/jaro_winkler -I/Users/venkata/ddbsf-ext/duckdb-snowflake/duckdb/third_party/vergesort -I/Users/venkata/ddbsf-ext/duckdb-snowflake/duckdb/third_party/yyjson/include -I/Users/venkata/ddbsf-ext/duckdb-snowflake/duckdb/third_party/zstd/include -I/Users/venkata/ddbsf-ext/duckdb-snowflake/duckdb/extension -I/Users/venkata/ddbsf-ext/duckdb-snowflake/src/include -I/Users/venkata/ddbsf-ext/duckdb-snowflake/duckdb/extension/core_functions/include -I/Users/venkata/ddbsf-ext/duckdb-snowflake/duckdb/extension/parquet/include -O3 -DNDEBUG -O3 -DNDEBUG   -std=c++11 -arch arm64 -fPIC -MD -MT src/planner/filter/CMakeFiles/duckdb_planner_filter.dir/ub_duckdb_planner_filter.cpp.o -MF src/planner/filter/CMakeFiles/duckdb_planner_filter.dir/ub_duckdb_planner_filter.cpp.o.d -o src/planner/filter/CMakeFiles/duckdb_planner_filter.dir/ub_duckdb_planner_filter.cpp.o -c /Users/venkata/ddbsf-ext/duckdb-snowflake/build/release/src/planner/filter/ub_duckdb_planner_filter.cpp
error: error opening 'src/planner/filter/CMakeFiles/duckdb_planner_filter.dir/ub_duckdb_planner_filter.cpp.o.d': src/planner/filter/CMakeFiles/duckdb_planner_filter.dir/ub_duckdb_planner_filter.cpp.o.d: No such file or directory
1 error generated.
[110/538] Building CXX object src/planner/expression_binder/CMakeFiles/duckdb_expression_binders.dir/ub_duckdb_expression_binders.cpp.o
FAILED: [code=1] src/planner/expression_binder/CMakeFiles/duckdb_expression_binders.dir/ub_duckdb_expression_binders.cpp.o 
/usr/bin/c++ -DDUCKDB -DDUCKDB_BUILD_LIBRARY -DDUCKDB_EXTENSION_CORE_FUNCTIONS_LINKED=1 -DDUCKDB_EXTENSION_PARQUET_LINKED=1 -DDUCKDB_EXTENSION_SNOWFLAKE_LINKED=1 -DDUCKDB_MAIN_LIBRARY -I/Users/venkata/ddbsf-ext/duckdb-snowflake/duckdb/src/include -I/Users/venkata/ddbsf-ext/duckdb-snowflake/duckdb/third_party/fsst -I/Users/venkata/ddbsf-ext/duckdb-snowflake/duckdb/third_party/fmt/include -I/Users/venkata/ddbsf-ext/duckdb-snowflake/duckdb/third_party/hyperloglog -I/Users/venkata/ddbsf-ext/duckdb-snowflake/duckdb/third_party/fastpforlib -I/Users/venkata/ddbsf-ext/duckdb-snowflake/duckdb/third_party/skiplist -I/Users/venkata/ddbsf-ext/duckdb-snowflake/duckdb/third_party/ska_sort -I/Users/venkata/ddbsf-ext/duckdb-snowflake/duckdb/third_party/fast_float -I/Users/venkata/ddbsf-ext/duckdb-snowflake/duckdb/third_party/re2 -I/Users/venkata/ddbsf-ext/duckdb-snowflake/duckdb/third_party/miniz -I/Users/venkata/ddbsf-ext/duckdb-snowflake/duckdb/third_party/utf8proc/include -I/Users/venkata/ddbsf-ext/duckdb-snowflake/duckdb/third_party/concurrentqueue -I/Users/venkata/ddbsf-ext/duckdb-snowflake/duckdb/third_party/pcg -I/Users/venkata/ddbsf-ext/duckdb-snowflake/duckdb/third_party/pdqsort -I/Users/venkata/ddbsf-ext/duckdb-snowflake/duckdb/third_party/tdigest -I/Users/venkata/ddbsf-ext/duckdb-snowflake/duckdb/third_party/mbedtls/include -I/Users/venkata/ddbsf-ext/duckdb-snowflake/duckdb/third_party/jaro_winkler -I/Users/venkata/ddbsf-ext/duckdb-snowflake/duckdb/third_party/vergesort -I/Users/venkata/ddbsf-ext/duckdb-snowflake/duckdb/third_party/yyjson/include -I/Users/venkata/ddbsf-ext/duckdb-snowflake/duckdb/third_party/zstd/include -I/Users/venkata/ddbsf-ext/duckdb-snowflake/duckdb/extension -I/Users/venkata/ddbsf-ext/duckdb-snowflake/src/include -I/Users/venkata/ddbsf-ext/duckdb-snowflake/duckdb/extension/core_functions/include -I/Users/venkata/ddbsf-ext/duckdb-snowflake/duckdb/extension/parquet/include -O3 -DNDEBUG -O3 -DNDEBUG   -std=c++11 -arch arm64 -fPIC -MD -MT src/planner/expression_binder/CMakeFiles/duckdb_expression_binders.dir/ub_duckdb_expression_binders.cpp.o -MF src/planner/expression_binder/CMakeFiles/duckdb_expression_binders.dir/ub_duckdb_expression_binders.cpp.o.d -o src/planner/expression_binder/CMakeFiles/duckdb_expression_binders.dir/ub_duckdb_expression_binders.cpp.o -c /Users/venkata/ddbsf-ext/duckdb-snowflake/build/release/src/planner/expression_binder/ub_duckdb_expression_binders.cpp
error: error opening 'src/planner/expression_binder/CMakeFiles/duckdb_expression_binders.dir/ub_duckdb_expression_binders.cpp.o.d': src/planner/expression_binder/CMakeFiles/duckdb_expression_binders.dir/ub_duckdb_expression_binders.cpp.o.d: No such file or directory
1 error generated.
[111/538] Building CXX object src/planner/binder/query_node/CMakeFiles/duckdb_bind_query_node.dir/ub_duckdb_bind_query_node.cpp.o
FAILED: [code=1] src/planner/binder/query_node/CMakeFiles/duckdb_bind_query_node.dir/ub_duckdb_bind_query_node.cpp.o 
/usr/bin/c++ -DDUCKDB -DDUCKDB_BUILD_LIBRARY -DDUCKDB_EXTENSION_CORE_FUNCTIONS_LINKED=1 -DDUCKDB_EXTENSION_PARQUET_LINKED=1 -DDUCKDB_EXTENSION_SNOWFLAKE_LINKED=1 -DDUCKDB_MAIN_LIBRARY -I/Users/venkata/ddbsf-ext/duckdb-snowflake/duckdb/src/include -I/Users/venkata/ddbsf-ext/duckdb-snowflake/duckdb/third_party/fsst -I/Users/venkata/ddbsf-ext/duckdb-snowflake/duckdb/third_party/fmt/include -I/Users/venkata/ddbsf-ext/duckdb-snowflake/duckdb/third_party/hyperloglog -I/Users/venkata/ddbsf-ext/duckdb-snowflake/duckdb/third_party/fastpforlib -I/Users/venkata/ddbsf-ext/duckdb-snowflake/duckdb/third_party/skiplist -I/Users/venkata/ddbsf-ext/duckdb-snowflake/duckdb/third_party/ska_sort -I/Users/venkata/ddbsf-ext/duckdb-snowflake/duckdb/third_party/fast_float -I/Users/venkata/ddbsf-ext/duckdb-snowflake/duckdb/third_party/re2 -I/Users/venkata/ddbsf-ext/duckdb-snowflake/duckdb/third_party/miniz -I/Users/venkata/ddbsf-ext/duckdb-snowflake/duckdb/third_party/utf8proc/include -I/Users/venkata/ddbsf-ext/duckdb-snowflake/duckdb/third_party/concurrentqueue -I/Users/venkata/ddbsf-ext/duckdb-snowflake/duckdb/third_party/pcg -I/Users/venkata/ddbsf-ext/duckdb-snowflake/duckdb/third_party/pdqsort -I/Users/venkata/ddbsf-ext/duckdb-snowflake/duckdb/third_party/tdigest -I/Users/venkata/ddbsf-ext/duckdb-snowflake/duckdb/third_party/mbedtls/include -I/Users/venkata/ddbsf-ext/duckdb-snowflake/duckdb/third_party/jaro_winkler -I/Users/venkata/ddbsf-ext/duckdb-snowflake/duckdb/third_party/vergesort -I/Users/venkata/ddbsf-ext/duckdb-snowflake/duckdb/third_party/yyjson/include -I/Users/venkata/ddbsf-ext/duckdb-snowflake/duckdb/third_party/zstd/include -I/Users/venkata/ddbsf-ext/duckdb-snowflake/duckdb/extension -I/Users/venkata/ddbsf-ext/duckdb-snowflake/src/include -I/Users/venkata/ddbsf-ext/duckdb-snowflake/duckdb/extension/core_functions/include -I/Users/venkata/ddbsf-ext/duckdb-snowflake/duckdb/extension/parquet/include -O3 -DNDEBUG -O3 -DNDEBUG   -std=c++11 -arch arm64 -fPIC -MD -MT src/planner/binder/query_node/CMakeFiles/duckdb_bind_query_node.dir/ub_duckdb_bind_query_node.cpp.o -MF src/planner/binder/query_node/CMakeFiles/duckdb_bind_query_node.dir/ub_duckdb_bind_query_node.cpp.o.d -o src/planner/binder/query_node/CMakeFiles/duckdb_bind_query_node.dir/ub_duckdb_bind_query_node.cpp.o -c /Users/venkata/ddbsf-ext/duckdb-snowflake/build/release/src/planner/binder/query_node/ub_duckdb_bind_query_node.cpp
error: error opening 'src/planner/binder/query_node/CMakeFiles/duckdb_bind_query_node.dir/ub_duckdb_bind_query_node.cpp.o.d': src/planner/binder/query_node/CMakeFiles/duckdb_bind_query_node.dir/ub_duckdb_bind_query_node.cpp.o.d: No such file or directory
1 error generated.
[112/538] Building CXX object src/optimizer/CMakeFiles/duckdb_optimizer.dir/ub_duckdb_optimizer.cpp.o
FAILED: [code=1] src/optimizer/CMakeFiles/duckdb_optimizer.dir/ub_duckdb_optimizer.cpp.o 
/usr/bin/c++ -DDUCKDB -DDUCKDB_BUILD_LIBRARY -DDUCKDB_EXTENSION_CORE_FUNCTIONS_LINKED=1 -DDUCKDB_EXTENSION_PARQUET_LINKED=1 -DDUCKDB_EXTENSION_SNOWFLAKE_LINKED=1 -DDUCKDB_MAIN_LIBRARY -I/Users/venkata/ddbsf-ext/duckdb-snowflake/duckdb/src/include -I/Users/venkata/ddbsf-ext/duckdb-snowflake/duckdb/third_party/fsst -I/Users/venkata/ddbsf-ext/duckdb-snowflake/duckdb/third_party/fmt/include -I/Users/venkata/ddbsf-ext/duckdb-snowflake/duckdb/third_party/hyperloglog -I/Users/venkata/ddbsf-ext/duckdb-snowflake/duckdb/third_party/fastpforlib -I/Users/venkata/ddbsf-ext/duckdb-snowflake/duckdb/third_party/skiplist -I/Users/venkata/ddbsf-ext/duckdb-snowflake/duckdb/third_party/ska_sort -I/Users/venkata/ddbsf-ext/duckdb-snowflake/duckdb/third_party/fast_float -I/Users/venkata/ddbsf-ext/duckdb-snowflake/duckdb/third_party/re2 -I/Users/venkata/ddbsf-ext/duckdb-snowflake/duckdb/third_party/miniz -I/Users/venkata/ddbsf-ext/duckdb-snowflake/duckdb/third_party/utf8proc/include -I/Users/venkata/ddbsf-ext/duckdb-snowflake/duckdb/third_party/concurrentqueue -I/Users/venkata/ddbsf-ext/duckdb-snowflake/duckdb/third_party/pcg -I/Users/venkata/ddbsf-ext/duckdb-snowflake/duckdb/third_party/pdqsort -I/Users/venkata/ddbsf-ext/duckdb-snowflake/duckdb/third_party/tdigest -I/Users/venkata/ddbsf-ext/duckdb-snowflake/duckdb/third_party/mbedtls/include -I/Users/venkata/ddbsf-ext/duckdb-snowflake/duckdb/third_party/jaro_winkler -I/Users/venkata/ddbsf-ext/duckdb-snowflake/duckdb/third_party/vergesort -I/Users/venkata/ddbsf-ext/duckdb-snowflake/duckdb/third_party/yyjson/include -I/Users/venkata/ddbsf-ext/duckdb-snowflake/duckdb/third_party/zstd/include -I/Users/venkata/ddbsf-ext/duckdb-snowflake/duckdb/extension -I/Users/venkata/ddbsf-ext/duckdb-snowflake/src/include -I/Users/venkata/ddbsf-ext/duckdb-snowflake/duckdb/extension/core_functions/include -I/Users/venkata/ddbsf-ext/duckdb-snowflake/duckdb/extension/parquet/include -O3 -DNDEBUG -O3 -DNDEBUG   -std=c++11 -arch arm64 -fPIC -MD -MT src/optimizer/CMakeFiles/duckdb_optimizer.dir/ub_duckdb_optimizer.cpp.o -MF src/optimizer/CMakeFiles/duckdb_optimizer.dir/ub_duckdb_optimizer.cpp.o.d -o src/optimizer/CMakeFiles/duckdb_optimizer.dir/ub_duckdb_optimizer.cpp.o -c /Users/venkata/ddbsf-ext/duckdb-snowflake/build/release/src/optimizer/ub_duckdb_optimizer.cpp
error: error opening 'src/optimizer/CMakeFiles/duckdb_optimizer.dir/ub_duckdb_optimizer.cpp.o.d': src/optimizer/CMakeFiles/duckdb_optimizer.dir/ub_duckdb_optimizer.cpp.o.d: No such file or directory
1 error generated.
[113/538] Building CXX object src/planner/CMakeFiles/duckdb_planner.dir/ub_duckdb_planner.cpp.o
FAILED: [code=1] src/planner/CMakeFiles/duckdb_planner.dir/ub_duckdb_planner.cpp.o 
/usr/bin/c++ -DDUCKDB -DDUCKDB_BUILD_LIBRARY -DDUCKDB_EXTENSION_CORE_FUNCTIONS_LINKED=1 -DDUCKDB_EXTENSION_PARQUET_LINKED=1 -DDUCKDB_EXTENSION_SNOWFLAKE_LINKED=1 -DDUCKDB_MAIN_LIBRARY -I/Users/venkata/ddbsf-ext/duckdb-snowflake/duckdb/src/include -I/Users/venkata/ddbsf-ext/duckdb-snowflake/duckdb/third_party/fsst -I/Users/venkata/ddbsf-ext/duckdb-snowflake/duckdb/third_party/fmt/include -I/Users/venkata/ddbsf-ext/duckdb-snowflake/duckdb/third_party/hyperloglog -I/Users/venkata/ddbsf-ext/duckdb-snowflake/duckdb/third_party/fastpforlib -I/Users/venkata/ddbsf-ext/duckdb-snowflake/duckdb/third_party/skiplist -I/Users/venkata/ddbsf-ext/duckdb-snowflake/duckdb/third_party/ska_sort -I/Users/venkata/ddbsf-ext/duckdb-snowflake/duckdb/third_party/fast_float -I/Users/venkata/ddbsf-ext/duckdb-snowflake/duckdb/third_party/re2 -I/Users/venkata/ddbsf-ext/duckdb-snowflake/duckdb/third_party/miniz -I/Users/venkata/ddbsf-ext/duckdb-snowflake/duckdb/third_party/utf8proc/include -I/Users/venkata/ddbsf-ext/duckdb-snowflake/duckdb/third_party/concurrentqueue -I/Users/venkata/ddbsf-ext/duckdb-snowflake/duckdb/third_party/pcg -I/Users/venkata/ddbsf-ext/duckdb-snowflake/duckdb/third_party/pdqsort -I/Users/venkata/ddbsf-ext/duckdb-snowflake/duckdb/third_party/tdigest -I/Users/venkata/ddbsf-ext/duckdb-snowflake/duckdb/third_party/mbedtls/include -I/Users/venkata/ddbsf-ext/duckdb-snowflake/duckdb/third_party/jaro_winkler -I/Users/venkata/ddbsf-ext/duckdb-snowflake/duckdb/third_party/vergesort -I/Users/venkata/ddbsf-ext/duckdb-snowflake/duckdb/third_party/yyjson/include -I/Users/venkata/ddbsf-ext/duckdb-snowflake/duckdb/third_party/zstd/include -I/Users/venkata/ddbsf-ext/duckdb-snowflake/duckdb/extension -I/Users/venkata/ddbsf-ext/duckdb-snowflake/src/include -I/Users/venkata/ddbsf-ext/duckdb-snowflake/duckdb/extension/core_functions/include -I/Users/venkata/ddbsf-ext/duckdb-snowflake/duckdb/extension/parquet/include -O3 -DNDEBUG -O3 -DNDEBUG   -std=c++11 -arch arm64 -fPIC -MD -MT src/planner/CMakeFiles/duckdb_planner.dir/ub_duckdb_planner.cpp.o -MF src/planner/CMakeFiles/duckdb_planner.dir/ub_duckdb_planner.cpp.o.d -o src/planner/CMakeFiles/duckdb_planner.dir/ub_duckdb_planner.cpp.o -c /Users/venkata/ddbsf-ext/duckdb-snowflake/build/release/src/planner/ub_duckdb_planner.cpp
error: error opening 'src/planner/CMakeFiles/duckdb_planner.dir/ub_duckdb_planner.cpp.o.d': src/planner/CMakeFiles/duckdb_planner.dir/ub_duckdb_planner.cpp.o.d: No such file or directory
1 error generated.
[114/538] Building CXX object src/planner/binder/tableref/CMakeFiles/duckdb_bind_tableref.dir/ub_duckdb_bind_tableref.cpp.o
FAILED: [code=1] src/planner/binder/tableref/CMakeFiles/duckdb_bind_tableref.dir/ub_duckdb_bind_tableref.cpp.o 
/usr/bin/c++ -DDUCKDB -DDUCKDB_BUILD_LIBRARY -DDUCKDB_EXTENSION_CORE_FUNCTIONS_LINKED=1 -DDUCKDB_EXTENSION_PARQUET_LINKED=1 -DDUCKDB_EXTENSION_SNOWFLAKE_LINKED=1 -DDUCKDB_MAIN_LIBRARY -I/Users/venkata/ddbsf-ext/duckdb-snowflake/duckdb/src/include -I/Users/venkata/ddbsf-ext/duckdb-snowflake/duckdb/third_party/fsst -I/Users/venkata/ddbsf-ext/duckdb-snowflake/duckdb/third_party/fmt/include -I/Users/venkata/ddbsf-ext/duckdb-snowflake/duckdb/third_party/hyperloglog -I/Users/venkata/ddbsf-ext/duckdb-snowflake/duckdb/third_party/fastpforlib -I/Users/venkata/ddbsf-ext/duckdb-snowflake/duckdb/third_party/skiplist -I/Users/venkata/ddbsf-ext/duckdb-snowflake/duckdb/third_party/ska_sort -I/Users/venkata/ddbsf-ext/duckdb-snowflake/duckdb/third_party/fast_float -I/Users/venkata/ddbsf-ext/duckdb-snowflake/duckdb/third_party/re2 -I/Users/venkata/ddbsf-ext/duckdb-snowflake/duckdb/third_party/miniz -I/Users/venkata/ddbsf-ext/duckdb-snowflake/duckdb/third_party/utf8proc/include -I/Users/venkata/ddbsf-ext/duckdb-snowflake/duckdb/third_party/concurrentqueue -I/Users/venkata/ddbsf-ext/duckdb-snowflake/duckdb/third_party/pcg -I/Users/venkata/ddbsf-ext/duckdb-snowflake/duckdb/third_party/pdqsort -I/Users/venkata/ddbsf-ext/duckdb-snowflake/duckdb/third_party/tdigest -I/Users/venkata/ddbsf-ext/duckdb-snowflake/duckdb/third_party/mbedtls/include -I/Users/venkata/ddbsf-ext/duckdb-snowflake/duckdb/third_party/jaro_winkler -I/Users/venkata/ddbsf-ext/duckdb-snowflake/duckdb/third_party/vergesort -I/Users/venkata/ddbsf-ext/duckdb-snowflake/duckdb/third_party/yyjson/include -I/Users/venkata/ddbsf-ext/duckdb-snowflake/duckdb/third_party/zstd/include -I/Users/venkata/ddbsf-ext/duckdb-snowflake/duckdb/extension -I/Users/venkata/ddbsf-ext/duckdb-snowflake/src/include -I/Users/venkata/ddbsf-ext/duckdb-snowflake/duckdb/extension/core_functions/include -I/Users/venkata/ddbsf-ext/duckdb-snowflake/duckdb/extension/parquet/include -O3 -DNDEBUG -O3 -DNDEBUG   -std=c++11 -arch arm64 -fPIC -MD -MT src/planner/binder/tableref/CMakeFiles/duckdb_bind_tableref.dir/ub_duckdb_bind_tableref.cpp.o -MF src/planner/binder/tableref/CMakeFiles/duckdb_bind_tableref.dir/ub_duckdb_bind_tableref.cpp.o.d -o src/planner/binder/tableref/CMakeFiles/duckdb_bind_tableref.dir/ub_duckdb_bind_tableref.cpp.o -c /Users/venkata/ddbsf-ext/duckdb-snowflake/build/release/src/planner/binder/tableref/ub_duckdb_bind_tableref.cpp
error: error opening 'src/planner/binder/tableref/CMakeFiles/duckdb_bind_tableref.dir/ub_duckdb_bind_tableref.cpp.o.d': src/planner/binder/tableref/CMakeFiles/duckdb_bind_tableref.dir/ub_duckdb_bind_tableref.cpp.o.d: No such file or directory
1 error generated.
[115/538] Building CXX object src/planner/binder/statement/CMakeFiles/duckdb_bind_statement.dir/ub_duckdb_bind_statement.cpp.o
FAILED: [code=1] src/planner/binder/statement/CMakeFiles/duckdb_bind_statement.dir/ub_duckdb_bind_statement.cpp.o 
/usr/bin/c++ -DDUCKDB -DDUCKDB_BUILD_LIBRARY -DDUCKDB_EXTENSION_CORE_FUNCTIONS_LINKED=1 -DDUCKDB_EXTENSION_PARQUET_LINKED=1 -DDUCKDB_EXTENSION_SNOWFLAKE_LINKED=1 -DDUCKDB_MAIN_LIBRARY -I/Users/venkata/ddbsf-ext/duckdb-snowflake/duckdb/src/include -I/Users/venkata/ddbsf-ext/duckdb-snowflake/duckdb/third_party/fsst -I/Users/venkata/ddbsf-ext/duckdb-snowflake/duckdb/third_party/fmt/include -I/Users/venkata/ddbsf-ext/duckdb-snowflake/duckdb/third_party/hyperloglog -I/Users/venkata/ddbsf-ext/duckdb-snowflake/duckdb/third_party/fastpforlib -I/Users/venkata/ddbsf-ext/duckdb-snowflake/duckdb/third_party/skiplist -I/Users/venkata/ddbsf-ext/duckdb-snowflake/duckdb/third_party/ska_sort -I/Users/venkata/ddbsf-ext/duckdb-snowflake/duckdb/third_party/fast_float -I/Users/venkata/ddbsf-ext/duckdb-snowflake/duckdb/third_party/re2 -I/Users/venkata/ddbsf-ext/duckdb-snowflake/duckdb/third_party/miniz -I/Users/venkata/ddbsf-ext/duckdb-snowflake/duckdb/third_party/utf8proc/include -I/Users/venkata/ddbsf-ext/duckdb-snowflake/duckdb/third_party/concurrentqueue -I/Users/venkata/ddbsf-ext/duckdb-snowflake/duckdb/third_party/pcg -I/Users/venkata/ddbsf-ext/duckdb-snowflake/duckdb/third_party/pdqsort -I/Users/venkata/ddbsf-ext/duckdb-snowflake/duckdb/third_party/tdigest -I/Users/venkata/ddbsf-ext/duckdb-snowflake/duckdb/third_party/mbedtls/include -I/Users/venkata/ddbsf-ext/duckdb-snowflake/duckdb/third_party/jaro_winkler -I/Users/venkata/ddbsf-ext/duckdb-snowflake/duckdb/third_party/vergesort -I/Users/venkata/ddbsf-ext/duckdb-snowflake/duckdb/third_party/yyjson/include -I/Users/venkata/ddbsf-ext/duckdb-snowflake/duckdb/third_party/zstd/include -I/Users/venkata/ddbsf-ext/duckdb-snowflake/duckdb/extension -I/Users/venkata/ddbsf-ext/duckdb-snowflake/src/include -I/Users/venkata/ddbsf-ext/duckdb-snowflake/duckdb/extension/core_functions/include -I/Users/venkata/ddbsf-ext/duckdb-snowflake/duckdb/extension/parquet/include -O3 -DNDEBUG -O3 -DNDEBUG   -std=c++11 -arch arm64 -fPIC -MD -MT src/planner/binder/statement/CMakeFiles/duckdb_bind_statement.dir/ub_duckdb_bind_statement.cpp.o -MF src/planner/binder/statement/CMakeFiles/duckdb_bind_statement.dir/ub_duckdb_bind_statement.cpp.o.d -o src/planner/binder/statement/CMakeFiles/duckdb_bind_statement.dir/ub_duckdb_bind_statement.cpp.o -c /Users/venkata/ddbsf-ext/duckdb-snowflake/build/release/src/planner/binder/statement/ub_duckdb_bind_statement.cpp
error: error opening 'src/planner/binder/statement/CMakeFiles/duckdb_bind_statement.dir/ub_duckdb_bind_statement.cpp.o.d': src/planner/binder/statement/CMakeFiles/duckdb_bind_statement.dir/ub_duckdb_bind_statement.cpp.o.d: No such file or directory
1 error generated.
ninja: build stopped: subcommand failed.
make: *** [release-build] Error 1
